// Vitest Snapshot v1, https://vitest.dev/guide/snapshot.html

exports[`MetricsAggregator dual forecast > current-forecast serving modes (PLAN_61 Task 13.2) > off: the response is byte-identical to the legacy composer when no mode row exists 1`] = `
"{
  "fundId": 1,
  "fundName": "Dual Forecast Fund",
  "asOfDate": "2026-04-01T00:00:00.000Z",
  "series": [
    {
      "quarterIndex": 0,
      "label": "As of",
      "date": "2026-04-01T00:00:00.000Z",
      "construction": {
        "nav": 47500000,
        "calledCapital": 50000000,
        "distributions": 0,
        "tvpi": 0.95,
        "dpi": 0,
        "rvpi": 0.95,
        "irr": 0.22
      },
      "actual": {
        "nav": 30000000,
        "calledCapital": 25000000,
        "distributions": 2000000,
        "tvpi": 1.28,
        "dpi": 0.08,
        "rvpi": 1.2,
        "irr": 0.14
      },
      "currentMode": "actual",
      "current": {
        "nav": 30000000,
        "calledCapital": 25000000,
        "distributions": 2000000,
        "tvpi": 1.28,
        "dpi": 0.08,
        "rvpi": 1.2,
        "irr": 0.14
      },
      "variance": {
        "nav": -17500000,
        "calledCapital": -25000000,
        "distributions": 2000000,
        "tvpi": 0.33000000000000007,
        "dpi": 0.08,
        "rvpi": 0.25,
        "irr": -0.07999999999999999
      }
    },
    {
      "quarterIndex": 1,
      "label": "Q+1",
      "date": "2026-07-01T00:00:00.000Z",
      "construction": {
        "nav": 52250000,
        "calledCapital": 55000000,
        "distributions": 0,
        "tvpi": 0.95,
        "dpi": 0,
        "rvpi": 0.95,
        "irr": 0.22
      },
      "actual": null,
      "currentMode": "forecast",
      "current": {
        "nav": 36000000,
        "calledCapital": 30000000,
        "distributions": 3000000,
        "tvpi": 1.3,
        "dpi": 0.1,
        "rvpi": 1.2,
        "irr": 0.22
      },
      "variance": {
        "nav": -16250000,
        "calledCapital": -25000000,
        "distributions": 3000000,
        "tvpi": 0.3500000000000001,
        "dpi": 0.1,
        "rvpi": 0.25,
        "irr": 0
      }
    },
    {
      "quarterIndex": 2,
      "label": "Q+2",
      "date": "2026-10-01T00:00:00.000Z",
      "construction": {
        "nav": 59363771.005187295,
        "calledCapital": 60000000,
        "distributions": 0,
        "tvpi": 0.95,
        "dpi": 0,
        "rvpi": 0.9893961834197883,
        "irr": 0.22
      },
      "actual": null,
      "currentMode": "forecast",
      "current": {
        "nav": 44000000,
        "calledCapital": 36000000,
        "distributions": 5000000,
        "tvpi": 1.3611111111111112,
        "dpi": 0.1388888888888889,
        "rvpi": 1.2222222222222223,
        "irr": 0.22
      },
      "variance": {
        "nav": -15363771.005187295,
        "calledCapital": -24000000,
        "distributions": 5000000,
        "tvpi": 0.4111111111111112,
        "dpi": 0.1388888888888889,
        "rvpi": 0.23282603880243402,
        "irr": 0
      }
    }
  ],
  "sources": {
    "construction": "construction_forecast_jcurve",
    "current": "projected_metrics_calculator",
    "actual": "actual_metrics_calculator"
  },
  "config": {
    "source": "published",
    "version": 4,
    "publishedAt": "2026-03-01T00:00:00.000Z",
    "fallbackReason": null
  },
  "actualsFacts": {
    "asOfDate": "2026-04-01",
    "generatedAt": "2026-04-01T00:00:00.000Z",
    "inputHash": "55ac3ae6700ef7021a5b9216b530de8f0faef40f5e672a00fc62e2d259f7d497",
    "companies": [
      {
        "companyId": 10,
        "companyName": "Northstar AI",
        "trustState": "LIVE",
        "planningFmvStatus": "active",
        "currency": "USD",
        "currencyStatus": "base_currency",
        "activeRoundIds": [
          5
        ],
        "supersedeLineage": [
          {
            "roundId": 5,
            "supersedesRoundId": null
          }
        ],
        "latestRoundDate": "2026-01-15",
        "latestRoundValuation": "120000000.000000",
        "latestPlanningFmvDate": "2026-03-01",
        "latestPlanningFmvValue": "30000000.000000",
        "warnings": []
      }
    ],
    "warnings": []
  },
  "navAnchoring": {
    "blendedNav": "30000000.000000",
    "countsByTrustState": {
      "LIVE": 1,
      "PARTIAL": 0,
      "UNAVAILABLE": 0,
      "FAILED": 0
    },
    "companies": [
      {
        "companyId": 10,
        "companyName": "Northstar AI",
        "inNavUniverse": true,
        "trustState": "LIVE",
        "anchor": "planning_fmv",
        "contribution": "30000000.000000"
      }
    ]
  },
  "currentProjection": {
    "status": "projected",
    "fallbackReason": null
  },
  "warnings": []
}"
`;
